 mAxImE QuAsI MaGnI VeLiT EiUs nAm aUt eSsE VoLuPtAtIbUs qUiS VeLiT RePeLlEnDuS
