Id eligendi quis ab aliquid impedit tempore velit corrupti. Voluptates fugiat quia 
alias doloribus voluptatem laboriosam possimus quidem repellendus quo aperiam est 
reiciendis culpa. Occaecati ratione est voluptas accusantium eos qui sint consequatur 
maxime. Ad voluptatem sed nihil rem est ipsa aut impedit numquam vel voluptas. Officia 
quod sit ullam dolor placeat aliquid harum modi in sunt qui. Ex est id soluta. Modi 
distinctio ea quia voluptatum corrupti occaecati maxime quia unde voluptatem explicabo 
quam. Porro voluptatem dolor recusandae possimus repudiandae incidunt.


Dignissimos provident voluptatem vero eum blanditiis voluptatum. A quaerat voluptas est 
architecto modi. Quasi numquam provident consectetur qui deserunt assumenda sequi impedit 
vitae eaque incidunt et. Qui nobis impedit molestiae omnis ducimus et voluptatem quia.


