Sunt molestias autem doloremque.
Sed ut doloremque occaecati quo est quam numquam exercitationem suscipit et.
Ad enim voluptatem consequatur vitae quis.
Maxime quasi magni velit eius nam aut esse voluptatibus quis velit repellendus.
Temporibus facilis ut porro deleniti excepturi quas alias placeat.
Numquam minus aut doloribus fugit magni dolorum.
Omnis ut minus rem quo est qui voluptate iste impedit.
Vel impedit qui qui sit explicabo assumenda recusandae voluptatem quia animi.
Average length of sentence in text: 8.75
