3 -1 20 0.85714 8 100000000000
----
2
3
4
4
5
10
5
2
4
